---
source: crates/cairn-tui/src/scenarios.rs
expression: frame
---
┌ / ───────────────────────────────────┐┌ / ───────────────────────────────────┐
┌ main.rs — view ──────────────────────────────────────────────────────────────┐
│fn main() {                                                                   │
│    println!("hello, cairn");                                                 │
│}                                                                             │
│                                                                              │
│                                                                              │
│                                                                              │
│                                                                              │
│                                                                              │
│                                                                              │
│                                                                              │
│                                                                              │
│                                                                              │
│                                                                              │
│                                                                              │
│                                                                              │
│                                                                              │
│                                                                              │
│                                                                              │
│                                                                              │
│                                                                              │
└ 1/3 (50%) ──────────────────────────────────────────────────────────── Ready ┘
       ^S size · F7 mkdir · / filter · ^R refresh · p pause · s sort · . hidden
