---
source: crates/cairn-tui/src/scenarios.rs
expression: frame
---
┌ Folder size ─────────────────────────┐
│node_modules                          │
│                                      │
│Calculating…                          │
│  84.0 MiB  (88080384 bytes)          │
│                                      │
│  Files:   12403                      │
│  Folders: 1876                       │
│                                      │
│[Esc] cancel                          │
└──────────────────────────────────────┘
       ^S size · F7 mkdir · / filter
