---
source: crates/cairn-tui/src/scenarios.rs
expression: frame
---
┌ / ───────────────┐┌ / ───────────────┐
┌ Choose authentication method ────────┐
│> SSH agent (recommended)             │
│  Private key file (path reference)   │
│  Private key (paste PEM inline)      │
│  Password                            │
│                                      │
│                                      │
│[Enter] Select  [↑↓] Navigate  [Esc] B│
└──────────────────────────────────────┘
└────── sort: name ┘└────── sort: name ┘
 1/4   q quit · Tab · ↵ open · v view
