---
source: crates/cairn-tui/src/scenarios.rs
expression: frame
---
┌ / ───────────────┐┌ / ───────────────┐
│>  src/           ││>  src/           │
┌ Unlock vault ────────────────────────┐
│               •••••••▏               │
│                                      │
│decryption failed (wrong passphrase or│
│    [Enter] Unlock    [Esc] Cancel    │
│                                      │
└──────────────────────────────────────┘
└────── sort: name ┘└────── sort: name ┘
 1/4   q quit · Tab · ↵ open · v view
       ^S size · F7 mkdir · / filter
