---
source: crates/cairn-tui/src/scenarios.rs
expression: frame
---
┌ / ───────────────────────────────────┐┌ / ───────────────────────────────────┐
┌ logo.png — view ─────────────────────────────────────────────────────────────┐
│00000000  00 01 02 03 04 05 06 07 08 09 0a 0b 0c 0d 0e 0f  ................   │
│00000010  41 42 43 44 45 46 47 48 49 4a 4b 4c 4d 4e 4f 50  ABCDEFGHIJKLMNOP   │
│                                                                              │
│                                                                              │
│                                                                              │
│                                                                              │
│                                                                              │
│                                                                              │
│                                                                              │
│                                                                              │
│                                                                              │
│                                                                              │
│                                                                              │
│                                                                              │
│                                                                              │
│                                                                              │
│                                                                              │
│                                                                              │
│                                                                              │
│                                                                              │
└ 1/2 (100%) ─────────────────────────────────────────────────────────── Ready ┘
 1/4   q quit · Tab · ↵ open · v view · e edit · r rename · c copy · m move
