---
source: crates/cairn-tui/src/scenarios.rs
expression: frame
---
1Help 2Rename 3View 4Edit 5Copy 6Move 7MkDir 8Delete 9Menu 10Quit
┌ / ───────────────────────────────────┐┌ / ───────────────────────────────────┐
│>  src/                               ││>  src/                               │
│   docs/                              ││   docs/                              │
│   Cargo.toml                         ││   Cargo.toml                         │
│   README.md                          ││   README.md                          │
│                                      ││                                      │
│                                      ││                                      │
│              ┌ Unlock vault ──────────────────────────────────┐              │
│              │                    •••••••▏                    │              │
│              │                                                │              │
│              │decryption failed (wrong passphrase or corrupt v│              │
│              │         [Enter] Unlock    [Esc] Cancel         │              │
│              │                                                │              │
│              └────────────────────────────────────────────────┘              │
│                                      ││                                      │
│                                      ││                                      │
│                                      ││                                      │
│                                      ││                                      │
│                                      ││                                      │
│                                      ││                                      │
│                                      ││                                      │
└────────────────────────── sort: name ┘└────────────────────────── sort: name ┘
 1/4   q quit · Tab · ↵ open · F3 view · F4 edit · Space mark · c copy · m move
