---
source: crates/cairn-tui/src/scenarios.rs
expression: frame
---
1Help 2Rename 3View 4Edit 5Copy 10Quit
┌ Menu ────────────────────────────────┐
│  FILE                                │
│>   Copy       F5                     │
│    Move       F6                     │
│    Delete     F8                     │
│    Rename     F2                     │
│    MakeDir    F7                     │
│  VIEW                                │
│[Enter] Run    [Esc] Close            │
└──────────────────────────────────────┘
 1/4   q quit · Tab · ↵ open · F3 view ·
