---
source: crates/cairn-tui/src/scenarios.rs
expression: frame
---
┌ / ───────────────────────────────────┐┌ / ───────────────────────────────────┐
┌ my-pod — exec ───────────────────────────────────────────────────────────────┐
│$ ls -la                                                                      │
│total 8                                                                       │
│                                                                              │
│                                                                              │
│                                                                              │
│                                                                              │
│                                                                              │
│                                                                              │
│                                                                              │
│                                                                              │
│                                                                              │
│                                                                              │
│                                                                              │
│                                                                              │
│                                                                              │
│                                                                              │
│                                                                              │
│                                                                              │
│                                                                              │
│> cat /etc/hostname▏                                                          │
└ [Enter] send  [^D] close stdin  [^]] detach  [^C] quit ─── [follow]  Running ┘
 1/4   q quit · Tab · ↵ open · v view · e edit · r rename · c copy · m move
