---
source: crates/cairn-tui/src/scenarios.rs
expression: frame
---
┌ / ───────────────┐┌ / ───────────────┐
│>  src/           ││>  src/           │
│   docs/          ││   docs/          │
┌ Credentials — Private key file (path ┐
│> Key file path: ~/.ssh/id_ed25519▏   │
│  Passphrase: •••••••••••••••••••••   │
│                                      │
│[Tab/↑↓] Navigate  [Enter] Save  [Esc]│
└──────────────────────────────────────┘
│                  ││                  │
└────── sort: name ┘└────── sort: name ┘
 1/4   q quit · Tab · ↵ open · v view
