---
source: crates/cairn-tui/src/scenarios.rs
expression: frame
---
┌ / ───────────────┐┌ / ───────────────┐
│>  src/           ││>  src/           │
│   docs/          ││   docs/          │
┌ Open connection ─────────────────────┐
│> local: /                            │
│  local: ~/work                       │
│[Esc] Close  [Ctrl-N] New  [t] Test   │
└──────────────────────────────────────┘
│                  ││                  │
│                  ││                  │
└────── sort: name ┘└────── sort: name ┘
 1/4   q quit · Tab · ↵ open · F3 view ·
