---
source: crates/cairn-tui/src/scenarios.rs
expression: frame
---
┌ / ───────────────────────────────────┐┌ / ───────────────────────────────────┐
│>  src/                               ││>  src/                               │
│   docs/                              ││   docs/                              │
│   Cargo.toml                         ││   Cargo.toml                         │
│   README.md                          ││   README.md                          │
│                                      ││                                      │
│                                      ││                                      │
│                                      ││                                      │
│       ┌ AI plan — review before running ─────────────────────────────┐       │
│       │archive old logs                                              │       │
│       │                                                              │       │
│       │▶ · copy     [safe]  copy the things                          │       │
│       │  · delete   [IRREVERSIBLE]  delete the things                │       │
│       │                                                              │       │
│       │↵ approve · x reject · esc abort · no bulk (irreversible)     │       │
│       └──────────────────────────────────────────────────────────────┘       │
│                                      ││                                      │
│                                      ││                                      │
│                                      ││                                      │
│                                      ││                                      │
│                                      ││                                      │
│                                      ││                                      │
└────────────────────────── sort: name ┘└────────────────────────── sort: name ┘
 1/4   q quit · Tab · ↵ open · F3 view · F4 edit · Space mark · c copy · m move
