---
source: crates/cairn-tui/src/scenarios.rs
expression: frame
---
┌ / ───────────────┐┌ / ───────────────┐
│>  src/           ││>  src/           │
┌ Transfer ────────────────────────────┐
│> Copying release.tar.gz → s3://bkt   │
│  ░░░░░███░░░░░░░░░░░░░░░░░░░░░░░░░ 0%│
│  8.0 MiB buffered   Uploading…       │
│                                      │
│[b] background · [p] pause sel · [Esc]│
│[↑↓] select · [d] cancel/drop · [K/J] │
└──────────────────────────────────────┘
└────── sort: name ┘└────── sort: name ┘
 1/4   ⇅ uploading… 0 B / 8.0 MiB (0%)
