---
source: crates/cairn-tui/src/scenarios.rs
expression: frame
---
┌ Folder size ─────────────────────────┐
│/etc                                  │
│                                      │
│Total size (partial):                 │
│  12.0 MiB  (12582912 bytes)          │
│                                      │
│  Files:   2310                       │
│  Folders: 412                        │
│  (some entries unreadable — lower bou│
│                                      │
│[Esc] close                           │
└──────────────────────────────────────┘
