---
source: crates/cairn-tui/src/scenarios.rs
expression: frame
---
┌ / ───────────────────────────────────┐┌ / ───────────────────────────────────┐
│>  src/                               ││>  src/                               │
│   docs/                              ││   docs/                              │
│   Cargo.toml                         ││   Cargo.toml                         │
│   README.md                          ││   README.md                          │
│                                      ││                                      │
│                                      ││                                      │
│                                      ││                                      │
│                                      ││                                      │
│           ┌ Open connection ─────────────────────────────────────┐           │
│           │> local: /                                            │           │
│           │  local: ~/work                                       │           │
│           │[Esc] Close  [Ctrl-N] New  [t] Test  [P] Pin  [H] Hide│           │
│           └──────────────────────────────────────────────────────┘           │
│                                      ││                                      │
│                                      ││                                      │
│                                      ││                                      │
│                                      ││                                      │
│                                      ││                                      │
│                                      ││                                      │
│                                      ││                                      │
│                                      ││                                      │
└────────────────────────── sort: name ┘└────────────────────────── sort: name ┘
 1/4   q quit · Tab · ↵ open · v view · e edit · r rename · c copy · m move
