---
source: crates/cairn-tui/src/scenarios.rs
expression: frame
---
┌ / ───────────────────────────────────┐┌ / ───────────────────────────────────┐
┌ my-pod — logs ───────────────────────────────────────────────────────────────┐
│2026-07-02T10:00:00 starting up                                               │
│2026-07-02T10:00:01 listening on :8080                                        │
│                                                                              │
│                                                                              │
│                                                                              │
│                                                                              │
│                                                                              │
│                                                                              │
│                                                                              │
│                                                                              │
│                                                                              │
│                                                                              │
│                                                                              │
│                                                                              │
│                                                                              │
│                                                                              │
│                                                                              │
│                                                                              │
│                                                                              │
│                                                                              │
└──────────────────────────────────────────────────────── [follow]  Streaming… ┘
 1/4   q quit · Tab · ↵ open · v view · e edit · r rename · c copy · m move
