---
source: crates/cairn-tui/src/scenarios.rs
expression: frame
---
┌ / ───────────────┐┌ / ───────────────┐
│>  src/           ││>  src/           │
┌ AI plan — review before running ─────┐
│archive old logs                      │
│                                      │
│▶ · copy     [safe]  copy the things  │
│  · delete   [IRREVERSIBLE]  delete th│
│                                      │
│↵ approve · x reject · esc abort · no │
└──────────────────────────────────────┘
 1/4   q quit · Tab · ↵ open · v view
       ^S size · F7 mkdir · / filter
