---
source: crates/cairn-tui/src/scenarios.rs
expression: frame
---
┌ / ───────────────┐┌ / ───────────────┐
┌ New connection — choose backend ─────┐
│> SSH / SFTP                          │
│  Amazon S3 / S3-compatible           │
│  Google Cloud Storage                │
│  Azure Blob Storage                  │
│  Local directory                     │
│                                      │
│                                      │
│[Enter] Select  [Esc] Cancel          │
└──────────────────────────────────────┘
 1/4   q quit · Tab · ↵ open · F3 view ·
