---
source: crates/cairn-tui/src/scenarios.rs
expression: frame
---
1Help 2Rename 3View 4Edit 5Copy 10Quit
┌ my-pod — exec ───────────────────────┐
│$ ls -la                              │
│total 8                               │
│                                      │
│                                      │
│                                      │
│                                      │
│                                      │
│> cat /etc/hostname▏                  │
└ [Enter] send  [^D] [follow]  Running ┘
 1/4   q quit · Tab · ↵ open · F3 view ·
