---
source: crates/cairn-tui/src/scenarios.rs
expression: frame
---
┌ / ───────────────┐┌ / ───────────────┐
│>  src/           ││>  src/           │
┌ Transfer ────────────────────────────┐
│> Copying release.tar.gz → /srv/www   │
│  ███████████████████████████████ 100%│
│  8.0 MiB   Finalizing…               │
│                                      │
│[b] background · [p] pause sel · [Esc]│
│[↑↓] select · [d] cancel/drop · [K/J] │
└──────────────────────────────────────┘
 1/4   ⇅ transferring… 8.0 MiB / 8.0 MiB
       ^S size · F7 mkdir · / filter
