---
source: crates/cairn-tui/src/scenarios.rs
expression: frame
---
┌ / ───────────────────────────────────┐┌ / ───────────────────────────────────┐
│>  src/                               ││>  src/                               │
│   docs/                              ││   docs/                              │
│   Cargo.toml                         ││   Cargo.toml                         │
│   README.md                          ││   README.md                          │
│                                      ││                                      │
│                ┌ Folder size ───────────────────────────────┐                │
│                │project                                     │                │
│                │                                            │                │
│                │Total size:                                 │                │
│                │  1.5 GiB  (1610612736 bytes)               │                │
│                │                                            │                │
│                │  Files:   48120                            │                │
│                │  Folders: 5004                             │                │
│                │                                            │                │
│                │[Esc] close                                 │                │
│                └────────────────────────────────────────────┘                │
│                                      ││                                      │
│                                      ││                                      │
│                                      ││                                      │
│                                      ││                                      │
│                                      ││                                      │
└────────────────────────── sort: name ┘└────────────────────────── sort: name ┘
 1/4   q quit · Tab · ↵ open · F3 view · F4 edit · Space mark · c copy · m move
