---
source: crates/cairn-tui/src/scenarios.rs
expression: frame
---
┌ / ───────────────┐┌ / ───────────────┐
│>  src/           ││>  src/           │
│   docs/          ││   docs/          │
┌ Open connection ─────────────────────┐
│> local: /                            │
│  local: ~/work                       │
│[Ctrl-N] New  [Esc] Close  (auto-disco│
└──────────────────────────────────────┘
│                  ││                  │
│                  ││                  │
└────── sort: name ┘└────── sort: name ┘
 1/4   q quit · Tab · ↵ open · F3 view ·
