---
source: crates/cairn-tui/src/scenarios.rs
expression: frame
---
┌ / ───────────────┐┌ / ───────────────┐
│>  src/           ││>  src/           │
│   docs/          ││   docs/          │
┌ New directory ───────────────────────┐
│              new-folder▏             │
│                                      │
│      [Enter] OK    [Esc] Cancel      │
│                                      │
└──────────────────────────────────────┘
│                  ││                  │
└────── sort: name ┘└────── sort: name ┘
 1/4   q quit · Tab · ↵ open · v view
