---
source: crates/cairn-tui/src/scenarios.rs
expression: frame
---
┌ / ───────────────┐┌ / ───────────────┐
┌ AI plan — review before running ─────┐
│archive old logs                      │
│                                      │
│▶ · list     [safe]  list the things  │
│      list({"conn":"conn:1","path":"/s│
│  · copy     [safe]  copy the things  │
│      copy({"conn":"conn:1","path":"/s│
│                                      │
│↵ approve · a approve all · x reject ·│
└──────────────────────────────────────┘
 1/4   q quit · Tab · ↵ open · v view
