---
source: crates/cairn-tui/src/scenarios.rs
expression: frame
---
1Help 2Rename 3View 4Edit 5Copy 10Quit
┌ / ───────────────┐┌ / ───────────────┐
┌ AI plan — review before running ─────┐
│archive old logs                      │
│                                      │
│▶ · list     [safe]  list the things  │
│  · copy     [safe]  copy the things  │
│                                      │
│↵ approve · a approve all · x reject ·│
└──────────────────────────────────────┘
└────── sort: name ┘└────── sort: name ┘
 1/4   q quit · Tab · ↵ open · F3 view ·
