---
source: crates/cairn-tui/src/scenarios.rs
expression: frame
---
┌ / ───────────────────────────────────┐┌ / ───────────────────────────────────┐
│>  src/                               ││>  src/                               │
│                                      ││   docs/                              │
│                                      ││   Cargo.toml                         │
│                                      ││   README.md                          │
│                                      ││                                      │
│                                      ││                                      │
│                                      ││                                      │
│                                      ││                                      │
│                                      ││                                      │
│                                      ││                                      │
│                                      ││                                      │
│                                      ││                                      │
│                                      ││                                      │
│                                      ││                                      │
│                                      ││                                      │
│                                      ││                                      │
│                                      ││                                      │
│                                      ││                                      │
│                                      ││                                      │
│                                      ││                                      │
│                                      ││                                      │
└ filter: src_ ──────────── sort: name ┘└────────────────────────── sort: name ┘
 1/1   q quit · Tab · ↵ open · F3 view · F4 edit · Space mark · c copy · m move
