---
source: crates/cairn-tui/src/scenarios.rs
expression: frame
---
┌ / ───────────────┐┌ / ───────────────┐
┌ AI plan — review before running ─────┐
│archive old logs                      │
│                                      │
│▶ · copy     [safe]  copy the things  │
│      copy({"conn":"conn:1","path":"/s│
│  · delete   [IRREVERSIBLE]  delete th│
│      delete({"conn":"conn:1","path":"│
│                                      │
│↵ approve · x reject · esc abort · no │
└──────────────────────────────────────┘
 1/4   q quit · Tab · ↵ open · v view
