---
source: crates/cairn-tui/src/scenarios.rs
expression: frame
---
┌ / ───────────────────────────────────┐┌ / ───────────────────────────────────┐
│>  src/          drwxr-xr-x 2024-07-05││>  docs/                              │
│   build.sh      -rwxr-xr-x 2024-07-01││   README.md                          │
│   Cargo.toml    -rw-r--r-- 2024-07-06││                                      │
│   .env          -rw------- 2024-06-01││                                      │
│   bucket-object.bin                  ││                                      │
│                                      ││                                      │
│                                      ││                                      │
│                                      ││                                      │
│                                      ││                                      │
│                                      ││                                      │
│                                      ││                                      │
│                                      ││                                      │
│                                      ││                                      │
│                                      ││                                      │
│                                      ││                                      │
│                                      ││                                      │
│                                      ││                                      │
│                                      ││                                      │
│                                      ││                                      │
│                                      ││                                      │
└────────────────────────── sort: name ┘└────────────────────────── sort: name ┘
 1/5   q quit · Tab · ↵ open · v view · e edit · r rename · c copy · m move
       ^S size · F7 mkdir · / filter · ^R refresh · p pause · s sort · . hidden
