---
source: crates/cairn-tui/src/scenarios.rs
expression: frame
---
┌ / ───────────────┐┌ / ───────────────┐
┌ my-pod — exec ───────────────────────┐
│$ ls -la                              │
│total 8                               │
│                                      │
│                                      │
│                                      │
│                                      │
│                                      │
│> cat /etc/hostname▏                  │
└ [Enter] send  [^D] [follow]  Running ┘
       ^S size · F7 mkdir · / filter
