---
source: crates/cairn-tui/src/scenarios.rs
expression: frame
---
1Help 2Rename 3View 4Edit 5Copy 6Move 7MkDir 8Delete 9Menu 10Quit
┌ / ────────────────┌ Menu ────────────────────────────────┐───────────────────┐
│>  src/            │  FILE                                │                   │
│   docs/           │>   Copy       F5                     │                   │
│   Cargo.toml      │    Move       F6                     │                   │
│   README.md       │    Delete     F8                     │                   │
│                   │    Rename     F2                     │                   │
│                   │    MakeDir    F7                     │                   │
│                   │  VIEW                                │                   │
│                   │    View       F3                     │                   │
│                   │    Edit       F4                     │                   │
│                   │  CONNECTIONS                         │                   │
│                   │    Switch     Ctrl-O                 │                   │
│                   │    New        Ctrl-N                 │                   │
│                   │  VAULT                               │                   │
│                   │    Unlock     Ctrl-U                 │                   │
│                   │  AI                                  │                   │
│                   │    Ask        Ctrl-A                 │                   │
│                   │  GENERAL                             │                   │
│                   │    Help       F1                     │                   │
│                   │    Quit       F10                    │                   │
│                   │[Enter] Run    [Esc] Close            │                   │
└───────────────────└──────────────────────────────────────┘─────── sort: name ┘
 1/4   q quit · Tab · ↵ open · F3 view · F4 edit · Space mark · c copy · m move
