---
source: crates/cairn-tui/src/scenarios.rs
expression: frame
---
┌ / ───────────────┐┌ / ───────────────┐
│>  src/           ││>  src/           │
│   docs/          ││   docs/          │
┌ Open connection (showing hidden) ────┐
│  [pinned] local: /                   │
│> ssh: bastion                        │
│  [auto] docker: (default) [hidden]   │
│[Esc] Close  [Ctrl-N] New  [t] Test   │
└──────────────────────────────────────┘
└────── sort: name ┘└────── sort: name ┘
 1/4   ssh: bastion — unreachable: conne
       ^S size · F7 mkdir · / filter
