---
source: crates/cairn-tui/src/scenarios.rs
expression: frame
---
┌ Transfer ────────────────────────────┐
│Copying 1 item(s)…                    │
│█████████████████░░░░░░░░░░░░░░░░░ 50%│
│4.0 MiB / 8.0 MiB   2.0 MiB/s   ETA 2s│
│Moving 2 item(s)…  ⏸ paused           │
│░░░░░░░░░░░░░░░░░░░░░░░░░░░░░░░░░░ --%│
│1.0 MiB                               │
│> 1. move 1 item(s)                   │
│                                      │
│[b] background · [p] pause · [Esc] abo│
│[↑↓] select · [K/J] reorder · [d] drop│
└──────────────────────────────────────┘
