---
source: crates/cairn-tui/src/scenarios.rs
expression: frame
---
1Help 2Rename 3View 4Edit 5Copy 10Quit
┌ / ───────────────┐┌ / ───────────────┐
│>  src/           ││>  src/           │
│                  ││   docs/          │
│                  ││   Cargo.toml     │
│                  ││   README.md      │
│                  ││                  │
│                  ││                  │
│                  ││                  │
│                  ││                  │
└ filte sort: name ┘└────── sort: name ┘
 1/1   q quit · Tab · ↵ open · F3 view ·
